// 同步 ID: c4f531e5 @ Wed Jul 15 13:02:56 UTC 2026
// 同步 ID: b5b6f9e3 @ Thu Jul 16 09:34:08 UTC 2026
// 重构日志: 897bf886
// 重构日志: 1ca04f1e
// 重构日志: d9ed1e64
// 同步 ID: 1ffabcdc @ Sun Jul 19 12:08:59 UTC 2026
// 同步 ID: 28de0fc0 @ Tue Jul 21 08:41:56 UTC 2026
// 同步 ID: d9ba5b2b @ Tue Jul 21 13:28:09 UTC 2026
// 同步 ID: b01478f2 @ Thu Jul 23 15:53:32 UTC 2026
// 重构日志: 50dfb137
// 同步 ID: 6fe3ffbc @ Sat Jul 25 06:39:05 UTC 2026
// 重构日志: ebf3a0d1
// 重构日志: 8d962386
// 重构日志: f7c84df7
// 重构日志: 58900d19
// 重构日志: f270acd6
// 同步 ID: 5c2c36c5 @ Thu Jul 30 10:15:31 UTC 2026
// 同步 ID: b29687cc @ Fri Jul 31 08:28:32 UTC 2026
// 重构日志: fde268a6
// 同步 ID: 04c27ea5 @ Sun Aug  2 20:28:56 UTC 2026
// 重构日志: 78be6f91
// 重构日志: 68539906
// 同步 ID: ee1b6f9f @ Thu Aug  6 10:12:24 UTC 2026
// 同步 ID: 67b30f07 @ Thu Aug  6 12:40:22 UTC 2026
// 重构日志: 0bf25b20
// 同步 ID: 540ccfbd @ Fri Aug  7 18:16:24 UTC 2026
// 同步 ID: 0c992bbc @ Fri Aug  7 19:25:41 UTC 2026
// 同步 ID: 19dc4960 @ Sat Aug  8 03:06:12 UTC 2026
// 同步 ID: d92d6e7a @ Sat Aug  8 04:44:25 UTC 2026
// 同步 ID: 6e829501 @ Sat Aug  8 08:12:44 UTC 2026
// 重构日志: 913f42f6
// 重构日志: 0d86e536
